---
source: crates/ruff_linter/src/rules/odoo/mod.rs
---
ODW8161 Better using self.env._
 --> prefer_env_translation.py:5:16
  |
4 | # No fix: `self.env` needs a `self`, and there is none out here.
5 | MODULE_LEVEL = _("at module level")
  |                ^
6 |
7 | # No diagnostic: `_lt` is how a constant gets translated where there is no `env`.
  |
help: Replace with `self.env._`

ODW8161 Better using self.env._
  --> prefer_env_translation.py:12:12
   |
11 | def outside_a_class():
12 |     return _("in a plain function")
   |            ^
help: Replace with `self.env._`

ODW8161 Better using self.env._
  --> prefer_env_translation.py:18:16
   |
16 |     def method(self):
17 |         # No fix: the class is not an Odoo one, so its `self` carries no `env`.
18 |         return _("in a plain class")
   |                ^
help: Replace with `self.env._`

ODW8161 Better using self.env._
  --> prefer_env_translation.py:25:13
   |
24 |     # No fix: a call in the class body is an attribute, not a method.
25 |     LABEL = _("class attribute")
   |             ^
26 |
27 |     def my_method(self):
   |
help: Replace with `self.env._`

ODW8161 [*] Better using self.env._
  --> prefer_env_translation.py:28:16
   |
27 |     def my_method(self):
28 |         return _("old translated")
   |                ^
29 |
30 |     def lazy_translation(self):
   |
help: Replace with `self.env._`
   |
27 |     def my_method(self):
   -         return _("old translated")
28 +         return self.env._("old translated")
29 |
   |

ODW8161 [*] Better using self.env._
  --> prefer_env_translation.py:37:16
   |
35 |     def imported_under_another_name(self):
36 |         # What the function resolves to is what matters, not what it is called here.
37 |         return lt("aliased import")
   |                ^^
38 |
39 |     def nested_calls(self):
   |
help: Replace with `self.env._`
   |
36 |         # What the function resolves to is what matters, not what it is called here.
   -         return lt("aliased import")
37 +         return self.env._("aliased import")
38 |
   |

ODW8161 [*] Better using self.env._
  --> prefer_env_translation.py:40:16
   |
39 |     def nested_calls(self):
40 |         return _("outer %s", _("inner"))
   |                ^
41 |
42 |     def already_fixed(self):
   |
help: Replace with `self.env._`
   |
39 |     def nested_calls(self):
   -         return _("outer %s", _("inner"))
40 +         return self.env._("outer %s", _("inner"))
41 |
   |

ODW8161 [*] Better using self.env._
  --> prefer_env_translation.py:40:30
   |
39 |     def nested_calls(self):
40 |         return _("outer %s", _("inner"))
   |                              ^
41 |
42 |     def already_fixed(self):
   |
help: Replace with `self.env._`
   |
39 |     def nested_calls(self):
   -         return _("outer %s", _("inner"))
40 +         return _("outer %s", self.env._("inner"))
41 |
   |

ODW8161 Better using self.env._
  --> prefer_env_translation.py:47:16
   |
45 |     @staticmethod
46 |     def static_method():
47 |         return _("no self")
   |                ^
48 |
49 |     def nested_function(self):
   |
help: Replace with `self.env._`

ODW8161 Better using self.env._
  --> prefer_env_translation.py:51:20
   |
49 |     def nested_function(self):
50 |         def inner():
51 |             return _("no self in the inner function")
   |                    ^
52 |
53 |         return inner
   |
help: Replace with `self.env._`

ODW8161 Better using self.env._
  --> prefer_env_translation.py:62:16
   |
60 |     @http.route("/page", auth="public")
61 |     def page(self):
62 |         return _("in a controller outside an addon")
   |                ^
help: Replace with `self.env._`
