---
source: crates/ruff_linter/src/rules/odoo/mod.rs
---
ODE8103 SQL injection risk. Use parameters if you can. - More info https://github.com/OCA/odoo-community.org/blob/master/website/Contribution/CONTRIBUTING.rst#no-sql-injection
  --> sql_injection.py:8:9
   |
 6 |     def injection_binop(self, cr, name, operator):
 7 |         # Flagged: values interpolated into the query text.
 8 |         cr.execute("SELECT id FROM res_partner WHERE name = '%s'" % name)
   |         ^^^^^^^^^^^^^^^^^^^^^^^^^^^^^^^^^^^^^^^^^^^^^^^^^^^^^^^^^^^^^^^^^
 9 |         self.env.cr.execute("SELECT id FROM res_partner WHERE name = '%s'" % (name,))
10 |         self._cr.execute("SELECT %s FROM res_partner" % {"column": name})
   |

ODE8103 SQL injection risk. Use parameters if you can. - More info https://github.com/OCA/odoo-community.org/blob/master/website/Contribution/CONTRIBUTING.rst#no-sql-injection
  --> sql_injection.py:9:9
   |
 7 |         # Flagged: values interpolated into the query text.
 8 |         cr.execute("SELECT id FROM res_partner WHERE name = '%s'" % name)
 9 |         self.env.cr.execute("SELECT id FROM res_partner WHERE name = '%s'" % (name,))
   |         ^^^^^^^^^^^^^^^^^^^^^^^^^^^^^^^^^^^^^^^^^^^^^^^^^^^^^^^^^^^^^^^^^^^^^^^^^^^^^
10 |         self._cr.execute("SELECT %s FROM res_partner" % {"column": name})
11 |         cr.execute("SELECT id FROM res_partner WHERE " + operator + " = 1")
   |

ODE8103 SQL injection risk. Use parameters if you can. - More info https://github.com/OCA/odoo-community.org/blob/master/website/Contribution/CONTRIBUTING.rst#no-sql-injection
  --> sql_injection.py:10:9
   |
 8 |         cr.execute("SELECT id FROM res_partner WHERE name = '%s'" % name)
 9 |         self.env.cr.execute("SELECT id FROM res_partner WHERE name = '%s'" % (name,))
10 |         self._cr.execute("SELECT %s FROM res_partner" % {"column": name})
   |         ^^^^^^^^^^^^^^^^^^^^^^^^^^^^^^^^^^^^^^^^^^^^^^^^^^^^^^^^^^^^^^^^^
11 |         cr.execute("SELECT id FROM res_partner WHERE " + operator + " = 1")
   |

ODE8103 SQL injection risk. Use parameters if you can. - More info https://github.com/OCA/odoo-community.org/blob/master/website/Contribution/CONTRIBUTING.rst#no-sql-injection
  --> sql_injection.py:11:9
   |
 9 |         self.env.cr.execute("SELECT id FROM res_partner WHERE name = '%s'" % (name,))
10 |         self._cr.execute("SELECT %s FROM res_partner" % {"column": name})
11 |         cr.execute("SELECT id FROM res_partner WHERE " + operator + " = 1")
   |         ^^^^^^^^^^^^^^^^^^^^^^^^^^^^^^^^^^^^^^^^^^^^^^^^^^^^^^^^^^^^^^^^^^^
12 |
13 |     def injection_format_fstring(self, cr, name):
   |

ODE8103 SQL injection risk. Use parameters if you can. - More info https://github.com/OCA/odoo-community.org/blob/master/website/Contribution/CONTRIBUTING.rst#no-sql-injection
  --> sql_injection.py:15:9
   |
13 |     def injection_format_fstring(self, cr, name):
14 |         # Flagged: .format and f-strings with non-constant values.
15 |         cr.execute("SELECT id FROM res_partner WHERE name = '{}'".format(name))
   |         ^^^^^^^^^^^^^^^^^^^^^^^^^^^^^^^^^^^^^^^^^^^^^^^^^^^^^^^^^^^^^^^^^^^^^^^
16 |         cr.execute("SELECT id FROM res_partner WHERE name = '{n}'".format(n=name))
17 |         cr.execute(f"SELECT id FROM res_partner WHERE name = '{name}'")
   |

ODE8103 SQL injection risk. Use parameters if you can. - More info https://github.com/OCA/odoo-community.org/blob/master/website/Contribution/CONTRIBUTING.rst#no-sql-injection
  --> sql_injection.py:16:9
   |
14 |         # Flagged: .format and f-strings with non-constant values.
15 |         cr.execute("SELECT id FROM res_partner WHERE name = '{}'".format(name))
16 |         cr.execute("SELECT id FROM res_partner WHERE name = '{n}'".format(n=name))
   |         ^^^^^^^^^^^^^^^^^^^^^^^^^^^^^^^^^^^^^^^^^^^^^^^^^^^^^^^^^^^^^^^^^^^^^^^^^^
17 |         cr.execute(f"SELECT id FROM res_partner WHERE name = '{name}'")
   |

ODE8103 SQL injection risk. Use parameters if you can. - More info https://github.com/OCA/odoo-community.org/blob/master/website/Contribution/CONTRIBUTING.rst#no-sql-injection
  --> sql_injection.py:17:9
   |
15 |         cr.execute("SELECT id FROM res_partner WHERE name = '{}'".format(name))
16 |         cr.execute("SELECT id FROM res_partner WHERE name = '{n}'".format(n=name))
17 |         cr.execute(f"SELECT id FROM res_partner WHERE name = '{name}'")
   |         ^^^^^^^^^^^^^^^^^^^^^^^^^^^^^^^^^^^^^^^^^^^^^^^^^^^^^^^^^^^^^^^
18 |
19 |     def injection_variable(self, cr, name):
   |

ODE8103 SQL injection risk. Use parameters if you can. - More info https://github.com/OCA/odoo-community.org/blob/master/website/Contribution/CONTRIBUTING.rst#no-sql-injection
  --> sql_injection.py:22:9
   |
20 |         # Flagged: the query variable was built by interpolation.
21 |         query = "SELECT id FROM res_partner WHERE name = '%s'" % name
22 |         cr.execute(query)
   |         ^^^^^^^^^^^^^^^^^
23 |
24 |     def injection_subscript_variable(self, cr, name, queries):
   |

ODE8103 SQL injection risk. Use parameters if you can. - More info https://github.com/OCA/odoo-community.org/blob/master/website/Contribution/CONTRIBUTING.rst#no-sql-injection
  --> sql_injection.py:28:9
   |
26 |         # target rather than a plain name.
27 |         queries[0] = "SELECT id FROM res_partner WHERE name = '%s'" % name
28 |         cr.execute(queries[0])
   |         ^^^^^^^^^^^^^^^^^^^^^^
29 |
30 |     def no_injection_parameters(self, cr, name):
   |

ODE8103 SQL injection risk. Use parameters if you can. - More info https://github.com/OCA/odoo-community.org/blob/master/website/Contribution/CONTRIBUTING.rst#no-sql-injection
  --> sql_injection.py:66:5
   |
64 | def post_init_hook(env):
65 |     # Flagged: `env.cr` is the cursor of the environment Odoo hands to the hook.
66 |     env.cr.execute("UPDATE res_partner SET active = %s" % env.context.get("active"))
   |     ^^^^^^^^^^^^^^^^^^^^^^^^^^^^^^^^^^^^^^^^^^^^^^^^^^^^^^^^^^^^^^^^^^^^^^^^^^^^^^^^
67 |     # Not flagged: the value goes in as a parameter.
68 |     env.cr.execute("UPDATE res_partner SET active = %s", (True,))
   |
